Connectivity for VPC ky-vpc2
combined connections between subnets:

