Connectivity for VPC ky-vpc1
combined connections between subnets:

